CREATE TABLE t1(c1 INTEGER, c2 DOUBLE, c3 INTEGER, INDEX ft USING fulltext(c1, c2, c3) WITH ("analyzer"='german'))