CREATE TABLE t1(c1 INTEGER, c2 DOUBLE, INDEX indx1 USING fulltext(c1))