org.cratedb.sql.parser.parser.CopyStatementNode@16b8f8eb
mode: TO_TABLE
tableName: t1
filename: value: /tmp/t1.csv
type: CHAR(11) NOT NULL

format: null
delimiter: null
nullString: null
quote: null
escape: null
encoding: null
commitFrequency: 0
statementType: COPY